#! /usr/bin/vvp
:ivl_version "12.0 (stable)";
:ivl_delay_selection "TYPICAL";
:vpi_time_precision + 0;
:vpi_module "/usr/lib/x86_64-linux-gnu/ivl/system.vpi";
:vpi_module "/usr/lib/x86_64-linux-gnu/ivl/vhdl_sys.vpi";
:vpi_module "/usr/lib/x86_64-linux-gnu/ivl/vhdl_textio.vpi";
:vpi_module "/usr/lib/x86_64-linux-gnu/ivl/v2005_math.vpi";
:vpi_module "/usr/lib/x86_64-linux-gnu/ivl/va_math.vpi";
:vpi_module "/usr/lib/x86_64-linux-gnu/ivl/v2009.vpi";
S_0x641f8f7bafd0 .scope package, "$unit" "$unit" 2 1;
 .timescale 0 0;
S_0x641f8f7ad1f0 .scope module, "tb" "tb" 3 1;
 .timescale 0 0;
v0x641f8f7dc6a0_0 .net "ciphertext", 31 0, L_0x641f8f7edfc0;  1 drivers
v0x641f8f7dc7b0_0 .var "clk", 0 0;
v0x641f8f7dc880_0 .var "key_in", 63 0;
v0x641f8f7dc980_0 .var "plaintext", 31 0;
v0x641f8f7dca50_0 .var "rst_n", 0 0;
v0x641f8f7dcb40_0 .var "start", 0 0;
v0x641f8f7dcc10_0 .net "valid_out", 0 0, v0x641f8f7dc500_0;  1 drivers
E_0x641f8f77b570 .event posedge, v0x641f8f7dc500_0;
S_0x641f8f791db0 .scope module, "dut" "speck32_64_top" 3 11, 4 55 0, S_0x641f8f7ad1f0;
 .timescale 0 0;
    .port_info 0 /INPUT 1 "clk";
    .port_info 1 /INPUT 1 "rst_n";
    .port_info 2 /INPUT 1 "start";
    .port_info 3 /INPUT 64 "key_in";
    .port_info 4 /INPUT 32 "plaintext";
    .port_info 5 /OUTPUT 32 "ciphertext";
    .port_info 6 /OUTPUT 1 "valid_out";
enum0x641f8f77b430 .enum4 (2)
   "IDLE" 2'b00,
   "LOAD" 2'b01,
   "CALC" 2'b10,
   "DONE" 2'b11
 ;
v0x641f8f7db3e0_0 .net "ciphertext", 31 0, L_0x641f8f7edfc0;  alias, 1 drivers
v0x641f8f7db4e0_0 .net "clk", 0 0, v0x641f8f7dc7b0_0;  1 drivers
v0x641f8f7db5a0_0 .var "current_state", 1 0;
v0x641f8f7db660_0 .net "key_in", 63 0, v0x641f8f7dc880_0;  1 drivers
v0x641f8f7db740_0 .net "ks_l_out", 15 0, L_0x641f8f7972c0;  1 drivers
v0x641f8f7db800_0 .net "ks_rk_out", 15 0, L_0x641f8f7edeb0;  1 drivers
v0x641f8f7db8a0_0 .var "load_sel", 0 0;
v0x641f8f7db940_0 .var "next_state", 1 0;
v0x641f8f7dba20_0 .net "plaintext", 31 0, v0x641f8f7dc980_0;  1 drivers
v0x641f8f7dbb90_0 .var "reg_l0", 15 0;
v0x641f8f7dbc80_0 .var "reg_l1", 15 0;
v0x641f8f7dbd40_0 .var "reg_l2", 15 0;
v0x641f8f7dbe20_0 .var "reg_rk", 15 0;
v0x641f8f7dbee0_0 .var "reg_x", 15 0;
v0x641f8f7dbfa0_0 .var "reg_y", 15 0;
v0x641f8f7dc070_0 .var "round_cnt", 4 0;
v0x641f8f7dc140_0 .net "round_x_out", 15 0, L_0x641f8f7b2160;  1 drivers
v0x641f8f7dc210_0 .net "round_y_out", 15 0, L_0x641f8f7976b0;  1 drivers
v0x641f8f7dc2e0_0 .net "rst_n", 0 0, v0x641f8f7dca50_0;  1 drivers
v0x641f8f7dc380_0 .net "start", 0 0, v0x641f8f7dcb40_0;  1 drivers
v0x641f8f7dc440_0 .var "update_en", 0 0;
v0x641f8f7dc500_0 .var "valid_out", 0 0;
E_0x641f8f797170/0 .event negedge, v0x641f8f7dc2e0_0;
E_0x641f8f797170/1 .event posedge, v0x641f8f7db4e0_0;
E_0x641f8f797170 .event/or E_0x641f8f797170/0, E_0x641f8f797170/1;
E_0x641f8f77a780 .event anyedge, v0x641f8f7db5a0_0;
E_0x641f8f7bb330 .event anyedge, v0x641f8f7db5a0_0, v0x641f8f7dc380_0, v0x641f8f7da5a0_0;
L_0x641f8f7edfc0 .concat [ 16 16 0 0], v0x641f8f7dbfa0_0, v0x641f8f7dbee0_0;
S_0x641f8f791ff0 .scope module, "u_key_sched" "speck_key_schedule" 4 100, 4 30 0, S_0x641f8f791db0;
 .timescale 0 0;
    .port_info 0 /INPUT 16 "l_in";
    .port_info 1 /INPUT 16 "rk_in";
    .port_info 2 /INPUT 5 "round_idx";
    .port_info 3 /OUTPUT 16 "l_out";
    .port_info 4 /OUTPUT 16 "rk_out";
L_0x641f8f7972c0 .functor XOR 16, L_0x641f8f7dd800, L_0x641f8f7ed9c0, C4<0000000000000000>, C4<0000000000000000>;
L_0x641f8f7edeb0 .functor XOR 16, L_0x641f8f7edd20, L_0x641f8f7972c0, C4<0000000000000000>, C4<0000000000000000>;
v0x641f8f7b2280_0 .net *"_ivl_1", 6 0, L_0x641f8f7dd530;  1 drivers
v0x641f8f7b2380_0 .net *"_ivl_10", 15 0, L_0x641f8f7ed9c0;  1 drivers
v0x641f8f7d9bd0_0 .net *"_ivl_15", 13 0, L_0x641f8f7edba0;  1 drivers
v0x641f8f7d9c90_0 .net *"_ivl_17", 1 0, L_0x641f8f7edc80;  1 drivers
v0x641f8f7d9d70_0 .net *"_ivl_3", 8 0, L_0x641f8f7dd620;  1 drivers
v0x641f8f7d9ea0_0 .net *"_ivl_6", 15 0, L_0x641f8f7dd800;  1 drivers
L_0x749e78ace018 .functor BUFT 1, C4<00000000000>, C4<0>, C4<0>, C4<0>;
v0x641f8f7d9f80_0 .net/2u *"_ivl_8", 10 0, L_0x749e78ace018;  1 drivers
v0x641f8f7da060_0 .net "l_in", 15 0, v0x641f8f7dbb90_0;  1 drivers
v0x641f8f7da140_0 .net "l_out", 15 0, L_0x641f8f7972c0;  alias, 1 drivers
v0x641f8f7da220_0 .net "l_rotr", 15 0, L_0x641f8f7dd6c0;  1 drivers
v0x641f8f7da300_0 .net "rk_in", 15 0, v0x641f8f7dbe20_0;  1 drivers
v0x641f8f7da3e0_0 .net "rk_out", 15 0, L_0x641f8f7edeb0;  alias, 1 drivers
v0x641f8f7da4c0_0 .net "rk_rotl", 15 0, L_0x641f8f7edd20;  1 drivers
v0x641f8f7da5a0_0 .net "round_idx", 4 0, v0x641f8f7dc070_0;  1 drivers
L_0x641f8f7dd530 .part v0x641f8f7dbb90_0, 0, 7;
L_0x641f8f7dd620 .part v0x641f8f7dbb90_0, 7, 9;
L_0x641f8f7dd6c0 .concat [ 9 7 0 0], L_0x641f8f7dd620, L_0x641f8f7dd530;
L_0x641f8f7dd800 .arith/sum 16, L_0x641f8f7dd6c0, v0x641f8f7dbe20_0;
L_0x641f8f7ed9c0 .concat [ 5 11 0 0], v0x641f8f7dc070_0, L_0x749e78ace018;
L_0x641f8f7edba0 .part v0x641f8f7dbe20_0, 0, 14;
L_0x641f8f7edc80 .part v0x641f8f7dbe20_0, 14, 2;
L_0x641f8f7edd20 .concat [ 2 14 0 0], L_0x641f8f7edc80, L_0x641f8f7edba0;
S_0x641f8f7da720 .scope module, "u_round" "speck_round" 4 92, 4 4 0, S_0x641f8f791db0;
 .timescale 0 0;
    .port_info 0 /INPUT 16 "x_in";
    .port_info 1 /INPUT 16 "y_in";
    .port_info 2 /INPUT 16 "k_in";
    .port_info 3 /OUTPUT 16 "x_out";
    .port_info 4 /OUTPUT 16 "y_out";
L_0x641f8f7b2160 .functor XOR 16, L_0x641f8f7dd010, v0x641f8f7dbe20_0, C4<0000000000000000>, C4<0000000000000000>;
L_0x641f8f7976b0 .functor XOR 16, L_0x641f8f7dd3a0, L_0x641f8f7b2160, C4<0000000000000000>, C4<0000000000000000>;
v0x641f8f7da8d0_0 .net *"_ivl_1", 6 0, L_0x641f8f7dcce0;  1 drivers
v0x641f8f7da9b0_0 .net *"_ivl_11", 13 0, L_0x641f8f7dd220;  1 drivers
v0x641f8f7daa90_0 .net *"_ivl_13", 1 0, L_0x641f8f7dd2c0;  1 drivers
v0x641f8f7dab50_0 .net *"_ivl_3", 8 0, L_0x641f8f7dce00;  1 drivers
v0x641f8f7dac30_0 .net *"_ivl_6", 15 0, L_0x641f8f7dd010;  1 drivers
v0x641f8f7dad60_0 .net "k_in", 15 0, v0x641f8f7dbe20_0;  alias, 1 drivers
v0x641f8f7dae20_0 .net "x_in", 15 0, v0x641f8f7dbee0_0;  1 drivers
v0x641f8f7daee0_0 .net "x_out", 15 0, L_0x641f8f7b2160;  alias, 1 drivers
v0x641f8f7dafc0_0 .net "x_rotr", 15 0, L_0x641f8f7dcea0;  1 drivers
v0x641f8f7db0a0_0 .net "y_in", 15 0, v0x641f8f7dbfa0_0;  1 drivers
v0x641f8f7db180_0 .net "y_out", 15 0, L_0x641f8f7976b0;  alias, 1 drivers
v0x641f8f7db260_0 .net "y_rotl", 15 0, L_0x641f8f7dd3a0;  1 drivers
L_0x641f8f7dcce0 .part v0x641f8f7dbee0_0, 0, 7;
L_0x641f8f7dce00 .part v0x641f8f7dbee0_0, 7, 9;
L_0x641f8f7dcea0 .concat [ 9 7 0 0], L_0x641f8f7dce00, L_0x641f8f7dcce0;
L_0x641f8f7dd010 .arith/sum 16, L_0x641f8f7dcea0, v0x641f8f7dbfa0_0;
L_0x641f8f7dd220 .part v0x641f8f7dbfa0_0, 0, 14;
L_0x641f8f7dd2c0 .part v0x641f8f7dbfa0_0, 14, 2;
L_0x641f8f7dd3a0 .concat [ 2 14 0 0], L_0x641f8f7dd2c0, L_0x641f8f7dd220;
    .scope S_0x641f8f791db0;
T_0 ;
    %wait E_0x641f8f797170;
    %load/vec4 v0x641f8f7dc2e0_0;
    %nor/r;
    %flag_set/vec4 8;
    %jmp/0xz  T_0.0, 8;
    %pushi/vec4 0, 0, 2;
    %assign/vec4 v0x641f8f7db5a0_0, 0;
    %jmp T_0.1;
T_0.0 ;
    %load/vec4 v0x641f8f7db940_0;
    %assign/vec4 v0x641f8f7db5a0_0, 0;
T_0.1 ;
    %jmp T_0;
    .thread T_0;
    .scope S_0x641f8f791db0;
T_1 ;
Ewait_0 .event/or E_0x641f8f7bb330, E_0x0;
    %wait Ewait_0;
    %load/vec4 v0x641f8f7db5a0_0;
    %store/vec4 v0x641f8f7db940_0, 0, 2;
    %load/vec4 v0x641f8f7db5a0_0;
    %dup/vec4;
    %pushi/vec4 0, 0, 2;
    %cmp/u;
    %jmp/1 T_1.0, 6;
    %dup/vec4;
    %pushi/vec4 1, 0, 2;
    %cmp/u;
    %jmp/1 T_1.1, 6;
    %dup/vec4;
    %pushi/vec4 2, 0, 2;
    %cmp/u;
    %jmp/1 T_1.2, 6;
    %dup/vec4;
    %pushi/vec4 3, 0, 2;
    %cmp/u;
    %jmp/1 T_1.3, 6;
    %pushi/vec4 0, 0, 2;
    %store/vec4 v0x641f8f7db940_0, 0, 2;
    %jmp T_1.5;
T_1.0 ;
    %load/vec4 v0x641f8f7dc380_0;
    %flag_set/vec4 8;
    %jmp/0xz  T_1.6, 8;
    %pushi/vec4 1, 0, 2;
    %store/vec4 v0x641f8f7db940_0, 0, 2;
T_1.6 ;
    %jmp T_1.5;
T_1.1 ;
    %pushi/vec4 2, 0, 2;
    %store/vec4 v0x641f8f7db940_0, 0, 2;
    %jmp T_1.5;
T_1.2 ;
    %load/vec4 v0x641f8f7dc070_0;
    %cmpi/e 21, 0, 5;
    %jmp/0xz  T_1.8, 4;
    %pushi/vec4 3, 0, 2;
    %store/vec4 v0x641f8f7db940_0, 0, 2;
T_1.8 ;
    %jmp T_1.5;
T_1.3 ;
    %load/vec4 v0x641f8f7dc380_0;
    %nor/r;
    %flag_set/vec4 8;
    %jmp/0xz  T_1.10, 8;
    %pushi/vec4 0, 0, 2;
    %store/vec4 v0x641f8f7db940_0, 0, 2;
T_1.10 ;
    %jmp T_1.5;
T_1.5 ;
    %pop/vec4 1;
    %jmp T_1;
    .thread T_1, $push;
    .scope S_0x641f8f791db0;
T_2 ;
Ewait_1 .event/or E_0x641f8f77a780, E_0x0;
    %wait Ewait_1;
    %pushi/vec4 0, 0, 1;
    %store/vec4 v0x641f8f7db8a0_0, 0, 1;
    %pushi/vec4 0, 0, 1;
    %store/vec4 v0x641f8f7dc440_0, 0, 1;
    %pushi/vec4 0, 0, 1;
    %store/vec4 v0x641f8f7dc500_0, 0, 1;
    %load/vec4 v0x641f8f7db5a0_0;
    %dup/vec4;
    %pushi/vec4 0, 0, 2;
    %cmp/u;
    %jmp/1 T_2.0, 6;
    %dup/vec4;
    %pushi/vec4 1, 0, 2;
    %cmp/u;
    %jmp/1 T_2.1, 6;
    %dup/vec4;
    %pushi/vec4 2, 0, 2;
    %cmp/u;
    %jmp/1 T_2.2, 6;
    %dup/vec4;
    %pushi/vec4 3, 0, 2;
    %cmp/u;
    %jmp/1 T_2.3, 6;
    %jmp T_2.4;
T_2.0 ;
    %jmp T_2.4;
T_2.1 ;
    %pushi/vec4 1, 0, 1;
    %store/vec4 v0x641f8f7db8a0_0, 0, 1;
    %jmp T_2.4;
T_2.2 ;
    %pushi/vec4 1, 0, 1;
    %store/vec4 v0x641f8f7dc440_0, 0, 1;
    %jmp T_2.4;
T_2.3 ;
    %pushi/vec4 1, 0, 1;
    %store/vec4 v0x641f8f7dc500_0, 0, 1;
    %jmp T_2.4;
T_2.4 ;
    %pop/vec4 1;
    %jmp T_2;
    .thread T_2, $push;
    .scope S_0x641f8f791db0;
T_3 ;
    %wait E_0x641f8f797170;
    %load/vec4 v0x641f8f7dc2e0_0;
    %nor/r;
    %flag_set/vec4 8;
    %jmp/0xz  T_3.0, 8;
    %pushi/vec4 0, 0, 16;
    %assign/vec4 v0x641f8f7dbee0_0, 0;
    %pushi/vec4 0, 0, 16;
    %assign/vec4 v0x641f8f7dbfa0_0, 0;
    %pushi/vec4 0, 0, 16;
    %assign/vec4 v0x641f8f7dbe20_0, 0;
    %pushi/vec4 0, 0, 16;
    %assign/vec4 v0x641f8f7dbb90_0, 0;
    %pushi/vec4 0, 0, 16;
    %assign/vec4 v0x641f8f7dbc80_0, 0;
    %pushi/vec4 0, 0, 16;
    %assign/vec4 v0x641f8f7dbd40_0, 0;
    %pushi/vec4 0, 0, 5;
    %assign/vec4 v0x641f8f7dc070_0, 0;
    %jmp T_3.1;
T_3.0 ;
    %load/vec4 v0x641f8f7db8a0_0;
    %flag_set/vec4 8;
    %jmp/0xz  T_3.2, 8;
    %load/vec4 v0x641f8f7dba20_0;
    %parti/s 16, 16, 6;
    %assign/vec4 v0x641f8f7dbee0_0, 0;
    %load/vec4 v0x641f8f7dba20_0;
    %parti/s 16, 0, 2;
    %assign/vec4 v0x641f8f7dbfa0_0, 0;
    %load/vec4 v0x641f8f7db660_0;
    %parti/s 16, 0, 2;
    %assign/vec4 v0x641f8f7dbe20_0, 0;
    %load/vec4 v0x641f8f7db660_0;
    %parti/s 16, 16, 6;
    %assign/vec4 v0x641f8f7dbb90_0, 0;
    %load/vec4 v0x641f8f7db660_0;
    %parti/s 16, 32, 7;
    %assign/vec4 v0x641f8f7dbc80_0, 0;
    %load/vec4 v0x641f8f7db660_0;
    %parti/s 16, 48, 7;
    %assign/vec4 v0x641f8f7dbd40_0, 0;
    %pushi/vec4 0, 0, 5;
    %assign/vec4 v0x641f8f7dc070_0, 0;
    %jmp T_3.3;
T_3.2 ;
    %load/vec4 v0x641f8f7dc440_0;
    %flag_set/vec4 8;
    %jmp/0xz  T_3.4, 8;
    %load/vec4 v0x641f8f7dc140_0;
    %assign/vec4 v0x641f8f7dbee0_0, 0;
    %load/vec4 v0x641f8f7dc210_0;
    %assign/vec4 v0x641f8f7dbfa0_0, 0;
    %load/vec4 v0x641f8f7db800_0;
    %assign/vec4 v0x641f8f7dbe20_0, 0;
    %load/vec4 v0x641f8f7dbc80_0;
    %assign/vec4 v0x641f8f7dbb90_0, 0;
    %load/vec4 v0x641f8f7dbd40_0;
    %assign/vec4 v0x641f8f7dbc80_0, 0;
    %load/vec4 v0x641f8f7db740_0;
    %assign/vec4 v0x641f8f7dbd40_0, 0;
    %load/vec4 v0x641f8f7dc070_0;
    %addi 1, 0, 5;
    %assign/vec4 v0x641f8f7dc070_0, 0;
T_3.4 ;
T_3.3 ;
T_3.1 ;
    %jmp T_3;
    .thread T_3;
    .scope S_0x641f8f7ad1f0;
T_4 ;
    %pushi/vec4 0, 0, 1;
    %store/vec4 v0x641f8f7dc7b0_0, 0, 1;
    %end;
    .thread T_4;
    .scope S_0x641f8f7ad1f0;
T_5 ;
    %delay 5, 0;
    %load/vec4 v0x641f8f7dc7b0_0;
    %inv;
    %store/vec4 v0x641f8f7dc7b0_0, 0, 1;
    %jmp T_5;
    .thread T_5;
    .scope S_0x641f8f7ad1f0;
T_6 ;
    %vpi_call/w 3 27 "$dumpfile", "dump.vcd" {0 0 0};
    %vpi_call/w 3 28 "$dumpvars", 32'sb00000000000000000000000000000000, S_0x641f8f7ad1f0 {0 0 0};
    %pushi/vec4 0, 0, 1;
    %store/vec4 v0x641f8f7dca50_0, 0, 1;
    %pushi/vec4 0, 0, 1;
    %store/vec4 v0x641f8f7dcb40_0, 0, 1;
    %pushi/vec4 0, 0, 64;
    %store/vec4 v0x641f8f7dc880_0, 0, 64;
    %pushi/vec4 0, 0, 32;
    %store/vec4 v0x641f8f7dc980_0, 0, 32;
    %delay 20, 0;
    %pushi/vec4 1, 0, 1;
    %store/vec4 v0x641f8f7dca50_0, 0, 1;
    %delay 10, 0;
    %pushi/vec4 3368061056, 0, 35;
    %concati/vec4 151519488, 0, 29;
    %store/vec4 v0x641f8f7dc880_0, 0, 64;
    %pushi/vec4 1702127948, 0, 32;
    %store/vec4 v0x641f8f7dc980_0, 0, 32;
    %pushi/vec4 1, 0, 1;
    %store/vec4 v0x641f8f7dcb40_0, 0, 1;
    %delay 10, 0;
    %pushi/vec4 0, 0, 1;
    %store/vec4 v0x641f8f7dcb40_0, 0, 1;
    %wait E_0x641f8f77b570;
    %load/vec4 v0x641f8f7dc6a0_0;
    %cmpi/e 2825405170, 0, 32;
    %jmp/0xz  T_6.0, 6;
    %vpi_call/w 3 56 "$display", "\012==================================================" {0 0 0};
    %vpi_call/w 3 57 "$display", "[PASS] SPECK32/64 Test Vector Matched!" {0 0 0};
    %vpi_call/w 3 58 "$display", "Ciphertext Result: %h", v0x641f8f7dc6a0_0 {0 0 0};
    %vpi_call/w 3 59 "$display", "==================================================\012" {0 0 0};
    %jmp T_6.1;
T_6.0 ;
    %vpi_call/w 3 61 "$display", "\012==================================================" {0 0 0};
    %vpi_call/w 3 62 "$display", "[FAIL] Mismatch Detected!" {0 0 0};
    %vpi_call/w 3 63 "$display", "Expected: a86842f2" {0 0 0};
    %vpi_call/w 3 64 "$display", "Got:      %h", v0x641f8f7dc6a0_0 {0 0 0};
    %vpi_call/w 3 65 "$display", "==================================================\012" {0 0 0};
T_6.1 ;
    %delay 20, 0;
    %vpi_call/w 3 69 "$finish" {0 0 0};
    %end;
    .thread T_6;
# The file index is used to find the file name in the following table.
:file_names 5;
    "N/A";
    "<interactive>";
    "-";
    "testbench.sv";
    "design.sv";
