#! /usr/bin/vvp
:ivl_version "12.0 (stable)";
:ivl_delay_selection "TYPICAL";
:vpi_time_precision + 0;
:vpi_module "/usr/lib/x86_64-linux-gnu/ivl/system.vpi";
:vpi_module "/usr/lib/x86_64-linux-gnu/ivl/vhdl_sys.vpi";
:vpi_module "/usr/lib/x86_64-linux-gnu/ivl/vhdl_textio.vpi";
:vpi_module "/usr/lib/x86_64-linux-gnu/ivl/v2005_math.vpi";
:vpi_module "/usr/lib/x86_64-linux-gnu/ivl/va_math.vpi";
:vpi_module "/usr/lib/x86_64-linux-gnu/ivl/v2009.vpi";
S_0x633ab0f3a330 .scope package, "$unit" "$unit" 2 1;
 .timescale 0 0;
S_0x633ab0f3a4c0 .scope module, "tb" "tb" 3 2;
 .timescale 0 0;
v0x633ab0f57530_0 .var "a", 0 0;
v0x633ab0f575f0_0 .var/2s "abcd", 31 0;
v0x633ab0f576b0_0 .var "b", 0 0;
v0x633ab0f57750_0 .var "c", 0 0;
v0x633ab0f577f0_0 .var "d", 0 0;
v0x633ab0f57890_0 .net "f_nor", 0 0, L_0x633ab0f58be0;  1 drivers
v0x633ab0f57960_0 .net "f_orig", 0 0, L_0x633ab0f581c0;  1 drivers
S_0x633ab0efe490 .scope autotask, "check" "check" 3 20, 3 20 0, S_0x633ab0f3a4c0;
 .timescale 0 0;
v0x633ab0efe620_0 .var "actual", 0 0;
v0x633ab0f55d60_0 .var "expected", 0 0;
v0x633ab0f55e20_0 .var/str "name";
TD_tb.check ;
    %load/vec4 v0x633ab0efe620_0;
    %load/vec4 v0x633ab0f55d60_0;
    %cmp/ne;
    %jmp/0xz  T_0.0, 6;
    %vpi_call/w 3 22 "$display", "[FAIL] %s: expected=%0b actual=%0b", v0x633ab0f55e20_0, v0x633ab0f55d60_0, v0x633ab0efe620_0 {0 0 0};
    %jmp T_0.1;
T_0.0 ;
    %vpi_call/w 3 24 "$display", "[PASS] %s: value=%0b", v0x633ab0f55e20_0, v0x633ab0efe620_0 {0 0 0};
T_0.1 ;
    %end;
S_0x633ab0f55ec0 .scope module, "dut" "nor_realization" 3 10, 4 2 0, S_0x633ab0f3a4c0;
 .timescale 0 0;
    .port_info 0 /INPUT 1 "a";
    .port_info 1 /INPUT 1 "b";
    .port_info 2 /INPUT 1 "c";
    .port_info 3 /INPUT 1 "d";
    .port_info 4 /OUTPUT 1 "f_orig";
    .port_info 5 /OUTPUT 1 "f_nor";
L_0x633ab0f57a30 .functor OR 1, v0x633ab0f576b0_0, v0x633ab0f57750_0, C4<0>, C4<0>;
L_0x633ab0f57b70 .functor OR 1, L_0x633ab0f57a30, v0x633ab0f577f0_0, C4<0>, C4<0>;
L_0x633ab0f57c80 .functor NOT 1, v0x633ab0f57530_0, C4<0>, C4<0>, C4<0>;
L_0x633ab0f57d40 .functor OR 1, L_0x633ab0f57c80, v0x633ab0f576b0_0, C4<0>, C4<0>;
L_0x633ab0f57e30 .functor OR 1, L_0x633ab0f57d40, v0x633ab0f57750_0, C4<0>, C4<0>;
L_0x633ab0f57ef0 .functor AND 1, L_0x633ab0f57b70, L_0x633ab0f57e30, C4<1>, C4<1>;
L_0x633ab0f58040 .functor NOT 1, v0x633ab0f57530_0, C4<0>, C4<0>, C4<0>;
L_0x633ab0f580b0 .functor OR 1, L_0x633ab0f58040, v0x633ab0f577f0_0, C4<0>, C4<0>;
L_0x633ab0f581c0 .functor AND 1, L_0x633ab0f57ef0, L_0x633ab0f580b0, C4<1>, C4<1>;
v0x633ab0f56160_0 .net *"_ivl_0", 0 0, L_0x633ab0f57a30;  1 drivers
v0x633ab0f56240_0 .net *"_ivl_10", 0 0, L_0x633ab0f57ef0;  1 drivers
v0x633ab0f56320_0 .net *"_ivl_12", 0 0, L_0x633ab0f58040;  1 drivers
v0x633ab0f563e0_0 .net *"_ivl_14", 0 0, L_0x633ab0f580b0;  1 drivers
v0x633ab0f564c0_0 .net *"_ivl_18", 1 0, L_0x633ab0f58320;  1 drivers
v0x633ab0f565f0_0 .net *"_ivl_2", 0 0, L_0x633ab0f57b70;  1 drivers
v0x633ab0f566d0_0 .net *"_ivl_22", 2 0, L_0x633ab0f58460;  1 drivers
v0x633ab0f567b0_0 .net *"_ivl_26", 2 0, L_0x633ab0f586f0;  1 drivers
v0x633ab0f56890_0 .net *"_ivl_30", 1 0, L_0x633ab0f58870;  1 drivers
v0x633ab0f56970_0 .net *"_ivl_34", 2 0, L_0x633ab0f58a50;  1 drivers
v0x633ab0f56a50_0 .net *"_ivl_4", 0 0, L_0x633ab0f57c80;  1 drivers
v0x633ab0f56b30_0 .net *"_ivl_6", 0 0, L_0x633ab0f57d40;  1 drivers
v0x633ab0f56c10_0 .net *"_ivl_8", 0 0, L_0x633ab0f57e30;  1 drivers
v0x633ab0f56cf0_0 .net "a", 0 0, v0x633ab0f57530_0;  1 drivers
v0x633ab0f56db0_0 .net "a_not", 0 0, L_0x633ab0f583c0;  1 drivers
v0x633ab0f56e70_0 .net "b", 0 0, v0x633ab0f576b0_0;  1 drivers
v0x633ab0f56f30_0 .net "c", 0 0, v0x633ab0f57750_0;  1 drivers
v0x633ab0f56ff0_0 .net "d", 0 0, v0x633ab0f577f0_0;  1 drivers
v0x633ab0f570b0_0 .net "f_nor", 0 0, L_0x633ab0f58be0;  alias, 1 drivers
v0x633ab0f57170_0 .net "f_orig", 0 0, L_0x633ab0f581c0;  alias, 1 drivers
v0x633ab0f57230_0 .net "term1", 0 0, L_0x633ab0f58620;  1 drivers
v0x633ab0f572f0_0 .net "term2", 0 0, L_0x633ab0f58790;  1 drivers
v0x633ab0f573b0_0 .net "term3", 0 0, L_0x633ab0f58910;  1 drivers
L_0x633ab0f58320 .concat [ 1 1 0 0], v0x633ab0f57530_0, v0x633ab0f57530_0;
L_0x633ab0f583c0 .reduce/nor L_0x633ab0f58320;
L_0x633ab0f58460 .concat [ 1 1 1 0], v0x633ab0f577f0_0, v0x633ab0f57750_0, v0x633ab0f576b0_0;
L_0x633ab0f58620 .reduce/nor L_0x633ab0f58460;
L_0x633ab0f586f0 .concat [ 1 1 1 0], v0x633ab0f57750_0, v0x633ab0f576b0_0, L_0x633ab0f583c0;
L_0x633ab0f58790 .reduce/nor L_0x633ab0f586f0;
L_0x633ab0f58870 .concat [ 1 1 0 0], v0x633ab0f577f0_0, L_0x633ab0f583c0;
L_0x633ab0f58910 .reduce/nor L_0x633ab0f58870;
L_0x633ab0f58a50 .concat [ 1 1 1 0], L_0x633ab0f58910, L_0x633ab0f58790, L_0x633ab0f58620;
L_0x633ab0f58be0 .reduce/nor L_0x633ab0f58a50;
    .scope S_0x633ab0f3a4c0;
T_1 ;
    %vpi_call/w 3 28 "$dumpfile", "dump.vcd" {0 0 0};
    %vpi_call/w 3 29 "$dumpvars", 32'sb00000000000000000000000000000000, S_0x633ab0f3a4c0 {0 0 0};
    %vpi_call/w 3 31 "$display", "--- Testing NOR-Only Realization ---" {0 0 0};
    %pushi/vec4 0, 0, 32;
    %store/vec4 v0x633ab0f575f0_0, 0, 32;
T_1.0 ;
    %load/vec4 v0x633ab0f575f0_0;
    %cmpi/s 15, 0, 32;
    %flag_or 5, 4;
    %jmp/0xz T_1.1, 5;
    %load/vec4 v0x633ab0f575f0_0;
    %pad/s 4;
    %split/vec4 1;
    %store/vec4 v0x633ab0f577f0_0, 0, 1;
    %split/vec4 1;
    %store/vec4 v0x633ab0f57750_0, 0, 1;
    %split/vec4 1;
    %store/vec4 v0x633ab0f576b0_0, 0, 1;
    %store/vec4 v0x633ab0f57530_0, 0, 1;
    %delay 10, 0;
    %alloc S_0x633ab0efe490;
    %load/vec4 v0x633ab0f57890_0;
    %store/vec4 v0x633ab0efe620_0, 0, 1;
    %load/vec4 v0x633ab0f57960_0;
    %store/vec4 v0x633ab0f55d60_0, 0, 1;
    %vpi_func/s 3 41 "$sformatf", "Match check for a=%0b, b=%0b, c=%0b, d=%0b", v0x633ab0f57530_0, v0x633ab0f576b0_0, v0x633ab0f57750_0, v0x633ab0f577f0_0 {0 0 0};
    %store/str v0x633ab0f55e20_0;
    %fork TD_tb.check, S_0x633ab0efe490;
    %join;
    %free S_0x633ab0efe490;
    %load/vec4 v0x633ab0f575f0_0;
    %addi 1, 0, 32;
    %cast2;
    %store/vec4 v0x633ab0f575f0_0, 0, 32;
    %jmp T_1.0;
T_1.1 ;
    %vpi_call/w 3 44 "$finish" {0 0 0};
    %end;
    .thread T_1;
# The file index is used to find the file name in the following table.
:file_names 5;
    "N/A";
    "<interactive>";
    "-";
    "testbench.sv";
    "design.sv";
